
[sb_A0] n=1000  (tv_ref: gt=0.0127 o_t=0.0128 μ-decode=0.0107)
  sampling  MSE(s): s=0.0:0.00028  s=0.5:0.00124  s=1.0:0.00244  s=2.0:0.00533   ΔMSE(2−0)=+0.00505
  sampling  dev(s): s=0.0:0.0000  s=0.5:0.0284  s=1.0:0.0437  s=2.0:0.0680
  extrap  motion(k): k=0.0:0.0118  k=0.5:0.0130  k=1.0:0.0162  k=1.5:0.0197  k=2.0:0.0228
  extrap      TV(k): k=0.0:0.0111  k=0.5:0.0109  k=1.0:0.0107  k=1.5:0.0105  k=2.0:0.0104

[sb_A1] n=1000  (tv_ref: gt=0.0127 o_t=0.0128 μ-decode=0.0121)
  sampling  MSE(s): s=0.0:0.00058  s=0.5:0.00052  s=1.0:0.00053  s=2.0:0.00075   ΔMSE(2−0)=+0.00017
  sampling  dev(s): s=0.0:0.0000  s=0.5:0.0082  s=1.0:0.0126  s=2.0:0.0211
  extrap  motion(k): k=0.0:0.0155  k=0.5:0.0139  k=1.0:0.0138  k=1.5:0.0145  k=2.0:0.0155
  extrap      TV(k): k=0.0:0.0128  k=0.5:0.0126  k=1.0:0.0121  k=1.5:0.0117  k=2.0:0.0114

[sb_A0_s1] n=1000  (tv_ref: gt=0.0127 o_t=0.0128 μ-decode=0.0108)
  sampling  MSE(s): s=0.0:0.00027  s=0.5:0.00124  s=1.0:0.00294  s=2.0:0.00731   ΔMSE(2−0)=+0.00703
  sampling  dev(s): s=0.0:0.0000  s=0.5:0.0290  s=1.0:0.0488  s=2.0:0.0789
  extrap  motion(k): k=0.0:0.0137  k=0.5:0.0141  k=1.0:0.0166  k=1.5:0.0197  k=2.0:0.0226
  extrap      TV(k): k=0.0:0.0112  k=0.5:0.0110  k=1.0:0.0108  k=1.5:0.0107  k=2.0:0.0106

[sb_A1_s1] n=1000  (tv_ref: gt=0.0127 o_t=0.0128 μ-decode=0.0123)
  sampling  MSE(s): s=0.0:0.00057  s=0.5:0.00051  s=1.0:0.00053  s=2.0:0.00077   ΔMSE(2−0)=+0.00020
  sampling  dev(s): s=0.0:0.0000  s=0.5:0.0080  s=1.0:0.0124  s=2.0:0.0216
  extrap  motion(k): k=0.0:0.0148  k=0.5:0.0133  k=1.0:0.0133  k=1.5:0.0141  k=2.0:0.0152
  extrap      TV(k): k=0.0:0.0128  k=0.5:0.0126  k=1.0:0.0123  k=1.5:0.0121  k=2.0:0.0118

wrote results/stage_b_ood_robustness.json
