clips=200  reversible=149  K=16 skip=2
  loaded 50/200 clips
  loaded 100/200 clips
  loaded 150/200 clips
  loaded 200/200 clips
frames_all (200, 17, 240, 320, 3)

==================================================================
SEED 42:  A0=sb_A0  A1=sb_A1
==================================================================
  A0 (sb_A0):
    PSNR_own   @[4, 8, 16] = {4: 29.9264, 8: 27.3291, 16: 24.827}
    gen_use    @[4, 8, 16] = {4: 2.9991, 8: 2.9734, 16: 3.1346}   (own−zero, dB)
    sign_use   @[4, 8, 16] = {4: 5.9614, 8: 6.2515, 16: 6.4087}   (own−neg, dB)
    motion_rat @[4, 8, 16] = {4: 0.5536, 8: 0.4942, 16: 0.4197}   (out/GT motion)
  A1 (sb_A1):
    PSNR_own   @[4, 8, 16] = {4: 25.8022, 8: 22.9167, 16: 20.2544}
    gen_use    @[4, 8, 16] = {4: 3.0467, 8: 4.2139, 16: 5.0056}   (own−zero, dB)
    sign_use   @[4, 8, 16] = {4: 1.0297, 8: 1.1005, 16: 1.1971}   (own−neg, dB)
    motion_rat @[4, 8, 16] = {4: 0.7393, 8: 0.6915, 16: 0.6621}   (out/GT motion)

  [A0−A1 horizon contrast]
    ΔPSNR_own        @[4, 8, 16] = {4: 4.1242, 8: 4.4124, 16: 4.5726}
    Δgen_use         @[4, 8, 16] = {4: -0.0476, 8: -1.2406, 16: -1.8711}
    Δsign_use        @[4, 8, 16] = {4: 4.9318, 8: 5.151, 16: 5.2116}
    Δmotion_ratio    @[4, 8, 16] = {4: -0.1857, 8: -0.1973, 16: -0.2424}

==================================================================
SEED 1:  A0=sb_A0_s1  A1=sb_A1_s1
==================================================================
  A0 (sb_A0_s1):
    PSNR_own   @[4, 8, 16] = {4: 30.1872, 8: 27.4718, 16: 25.0739}
    gen_use    @[4, 8, 16] = {4: 2.9279, 8: 2.7623, 16: 2.9137}   (own−zero, dB)
    sign_use   @[4, 8, 16] = {4: 6.3239, 8: 6.8243, 16: 7.4662}   (own−neg, dB)
    motion_rat @[4, 8, 16] = {4: 0.5843, 8: 0.52, 16: 0.4622}   (out/GT motion)
  A1 (sb_A1_s1):
    PSNR_own   @[4, 8, 16] = {4: 25.8763, 8: 23.0003, 16: 20.2565}
    gen_use    @[4, 8, 16] = {4: 2.7863, 8: 3.809, 16: 4.5367}   (own−zero, dB)
    sign_use   @[4, 8, 16] = {4: 0.966, 8: 0.9682, 16: 0.7795}   (own−neg, dB)
    motion_rat @[4, 8, 16] = {4: 0.7143, 8: 0.6945, 16: 0.6725}   (out/GT motion)

  [A0−A1 horizon contrast]
    ΔPSNR_own        @[4, 8, 16] = {4: 4.3109, 8: 4.4716, 16: 4.8174}
    Δgen_use         @[4, 8, 16] = {4: 0.1416, 8: -1.0467, 16: -1.6229}
    Δsign_use        @[4, 8, 16] = {4: 5.3579, 8: 5.8562, 16: 6.6867}
    Δmotion_ratio    @[4, 8, 16] = {4: -0.1299, 8: -0.1745, 16: -0.2103}

wrote results/stage_b_tier15.json
