[run] kl-full-s1 -> /home/xuan/embodied-ai/lam_disentangle/code/config/ft_l40_full_5k_s1.yaml
The following values were not passed to `accelerate launch` and had defaults used instead:
		More than one GPU was found, enabling multi-GPU training.
		If this was unintended please pass in `--num_processes=1`.
	`--num_machines` was set to a value of `1`
	`--dynamo_backend` was set to a value of `'no'`
To avoid this warning pass in values for each of the problematic parameters or run `accelerate config`.
latent_dim=40 action_part=32 env_dim=8 | action_head=True (lambda_action=1.0) | indep=False (lambda_indep=0.0) | split_kl=True (beta_a=0.003, beta_e=1e-06) | contrastive=False (supcon=0.0, temporal=0.0, tau=0.1) | causal(zero=0.0, reverse=0.0, hardneg=0.0, opposite=0.0)
Model params: 709.8M
Train pairs: 739,559  Val pairs: 80,509
[resume] loaded checkpoint from step 1000
Starting training from step 1000 -> 5000
step   1050 | loss 0.9735 | mse 0.0009 | kl 22.583575 | act 0.9083 | lr 6.61e-06
step   1100 | loss 0.9410 | mse 0.0008 | kl 22.108353 | act 0.8772 | lr 6.29e-06
step   1150 | loss 0.8731 | mse 0.0007 | kl 18.509506 | act 0.8198 | lr 5.98e-06
step   1200 | loss 0.7498 | mse 0.0008 | kl 24.725012 | act 0.6785 | lr 5.65e-06
step   1250 | loss 1.0499 | mse 0.0008 | kl 24.926679 | act 0.9780 | lr 5.33e-06
step   1300 | loss 0.9203 | mse 0.0008 | kl 24.420462 | act 0.8499 | lr 5.00e-06
step   1350 | loss 0.6757 | mse 0.0007 | kl 24.260684 | act 0.6058 | lr 4.67e-06
step   1400 | loss 0.9815 | mse 0.0008 | kl 25.474222 | act 0.9081 | lr 4.35e-06
step   1450 | loss 0.8250 | mse 0.0008 | kl 27.692631 | act 0.7449 | lr 4.02e-06
step   1500 | loss 0.7786 | mse 0.0008 | kl 26.080058 | act 0.7033 | lr 3.71e-06
[val] step   1500 | loss 0.0755 | mse 0.0010 | psnr 30.01 dB
step   1550 | loss 0.7522 | mse 0.0007 | kl 23.839826 | act 0.6836 | lr 3.39e-06
step   1600 | loss 0.8125 | mse 0.0008 | kl 21.790685 | act 0.7497 | lr 3.09e-06
step   1650 | loss 0.8287 | mse 0.0007 | kl 25.358205 | act 0.7557 | lr 2.79e-06
step   1700 | loss 0.7521 | mse 0.0007 | kl 23.906790 | act 0.6831 | lr 2.50e-06
step   1750 | loss 1.2253 | mse 0.0008 | kl 29.367845 | act 1.1405 | lr 2.22e-06
step   1800 | loss 0.9174 | mse 0.0007 | kl 24.822402 | act 0.8457 | lr 1.96e-06
step   1850 | loss 0.9409 | mse 0.0007 | kl 26.511461 | act 0.8641 | lr 1.70e-06
step   1900 | loss 0.6673 | mse 0.0008 | kl 26.021112 | act 0.5923 | lr 1.46e-06
step   1950 | loss 0.7883 | mse 0.0008 | kl 30.542632 | act 0.6999 | lr 1.24e-06
step   2000 | loss 0.6807 | mse 0.0007 | kl 27.430770 | act 0.6012 | lr 1.03e-06
[val] step   2000 | loss 0.0731 | mse 0.0010 | psnr 30.15 dB
[save] checkpoint -> /home/xuan/embodied-ai/checkpoints/lam-dis/ft_l40_full_5k_s1/step_0002000
step   2050 | loss 0.6633 | mse 0.0007 | kl 25.397048 | act 0.5899 | lr 8.43e-07
step   2100 | loss 0.7294 | mse 0.0007 | kl 21.996926 | act 0.6660 | lr 6.70e-07
step   2150 | loss 0.6420 | mse 0.0007 | kl 24.084113 | act 0.5725 | lr 5.16e-07
step   2200 | loss 0.8076 | mse 0.0007 | kl 22.471115 | act 0.7429 | lr 3.81e-07
step   2250 | loss 0.9778 | mse 0.0008 | kl 24.103146 | act 0.9083 | lr 2.65e-07
step   2300 | loss 0.7586 | mse 0.0007 | kl 25.420029 | act 0.6851 | lr 1.70e-07
step   2350 | loss 0.7443 | mse 0.0007 | kl 22.816910 | act 0.6784 | lr 9.61e-08
step   2400 | loss 0.6989 | mse 0.0007 | kl 21.961405 | act 0.6356 | lr 4.28e-08
step   2450 | loss 0.8120 | mse 0.0007 | kl 23.681424 | act 0.7437 | lr 1.07e-08
step   2500 | loss 0.7714 | mse 0.0008 | kl 23.573511 | act 0.7033 | lr 0.00e+00
[val] step   2500 | loss 0.0715 | mse 0.0010 | psnr 30.16 dB
step   2550 | loss 0.7675 | mse 0.0007 | kl 26.465062 | act 0.6913 | lr 1.07e-08
step   2600 | loss 0.7446 | mse 0.0007 | kl 25.987493 | act 0.6697 | lr 4.28e-08
step   2650 | loss 0.7396 | mse 0.0007 | kl 23.948074 | act 0.6704 | lr 9.61e-08
step   2700 | loss 0.8011 | mse 0.0007 | kl 26.756638 | act 0.7240 | lr 1.70e-07
step   2750 | loss 1.0422 | mse 0.0007 | kl 27.490641 | act 0.9630 | lr 2.65e-07
step   2800 | loss 1.0147 | mse 0.0008 | kl 27.461069 | act 0.9353 | lr 3.81e-07
step   2850 | loss 1.2886 | mse 0.0007 | kl 23.331582 | act 1.2214 | lr 5.16e-07
step   2900 | loss 0.9151 | mse 0.0007 | kl 26.646711 | act 0.8381 | lr 6.70e-07
step   2950 | loss 0.8972 | mse 0.0007 | kl 27.331504 | act 0.8185 | lr 8.43e-07
step   3000 | loss 0.6938 | mse 0.0007 | kl 23.957663 | act 0.6247 | lr 1.03e-06
[val] step   3000 | loss 0.0731 | mse 0.0009 | psnr 30.24 dB
[save] checkpoint -> /home/xuan/embodied-ai/checkpoints/lam-dis/ft_l40_full_5k_s1/step_0003000
step   3050 | loss 0.7793 | mse 0.0008 | kl 26.366914 | act 0.7031 | lr 1.24e-06
step   3100 | loss 0.8992 | mse 0.0008 | kl 28.424680 | act 0.8171 | lr 1.46e-06
step   3150 | loss 0.7680 | mse 0.0007 | kl 23.819444 | act 0.6994 | lr 1.70e-06
step   3200 | loss 0.8754 | mse 0.0007 | kl 27.187382 | act 0.7971 | lr 1.96e-06
step   3250 | loss 0.7552 | mse 0.0007 | kl 27.009224 | act 0.6774 | lr 2.22e-06
step   3300 | loss 0.7643 | mse 0.0007 | kl 27.580491 | act 0.6848 | lr 2.50e-06
step   3350 | loss 0.7797 | mse 0.0007 | kl 22.108309 | act 0.7160 | lr 2.79e-06
step   3400 | loss 0.6673 | mse 0.0007 | kl 20.900655 | act 0.6070 | lr 3.09e-06
step   3450 | loss 1.1365 | mse 0.0007 | kl 28.446373 | act 1.0543 | lr 3.39e-06
step   3500 | loss 1.0566 | mse 0.0007 | kl 25.071949 | act 0.9843 | lr 3.71e-06
[val] step   3500 | loss 0.0639 | mse 0.0010 | psnr 30.15 dB
step   3550 | loss 0.9386 | mse 0.0008 | kl 24.930323 | act 0.8666 | lr 4.02e-06
step   3600 | loss 0.7782 | mse 0.0008 | kl 23.188480 | act 0.7111 | lr 4.35e-06
step   3650 | loss 0.7737 | mse 0.0008 | kl 26.633884 | act 0.6968 | lr 4.67e-06
step   3700 | loss 0.9392 | mse 0.0007 | kl 24.878713 | act 0.8675 | lr 5.00e-06
step   3750 | loss 0.9003 | mse 0.0007 | kl 21.216292 | act 0.8395 | lr 5.33e-06
step   3800 | loss 0.7572 | mse 0.0007 | kl 22.752795 | act 0.6918 | lr 5.65e-06
step   3850 | loss 0.7461 | mse 0.0008 | kl 23.916353 | act 0.6772 | lr 5.98e-06
step   3900 | loss 0.7720 | mse 0.0008 | kl 28.157065 | act 0.6908 | lr 6.29e-06
step   3950 | loss 0.8329 | mse 0.0008 | kl 24.097942 | act 0.7638 | lr 6.61e-06
step   4000 | loss 1.0326 | mse 0.0008 | kl 28.622754 | act 0.9503 | lr 6.91e-06
[val] step   4000 | loss 0.0887 | mse 0.0009 | psnr 30.33 dB
[save] checkpoint -> /home/xuan/embodied-ai/checkpoints/lam-dis/ft_l40_full_5k_s1/step_0004000
step   4050 | loss 0.8815 | mse 0.0008 | kl 28.569010 | act 0.7992 | lr 7.21e-06
step   4100 | loss 0.7490 | mse 0.0007 | kl 24.311643 | act 0.6793 | lr 7.50e-06
step   4150 | loss 1.0224 | mse 0.0007 | kl 25.650098 | act 0.9488 | lr 7.78e-06
step   4200 | loss 0.7229 | mse 0.0009 | kl 25.306512 | act 0.6505 | lr 8.04e-06
step   4250 | loss 0.7932 | mse 0.0008 | kl 26.452467 | act 0.7178 | lr 8.30e-06
step   4300 | loss 0.8015 | mse 0.0007 | kl 25.454358 | act 0.7289 | lr 8.54e-06
step   4350 | loss 0.8857 | mse 0.0008 | kl 29.644425 | act 0.8011 | lr 8.76e-06
step   4400 | loss 0.7056 | mse 0.0007 | kl 26.783900 | act 0.6295 | lr 8.97e-06
step   4450 | loss 0.9197 | mse 0.0007 | kl 25.858900 | act 0.8462 | lr 9.16e-06
step   4500 | loss 0.7880 | mse 0.0007 | kl 24.413989 | act 0.7192 | lr 9.33e-06
[val] step   4500 | loss 0.0600 | mse 0.0010 | psnr 30.16 dB
step   4550 | loss 0.7117 | mse 0.0007 | kl 22.169418 | act 0.6493 | lr 9.48e-06
step   4600 | loss 0.8639 | mse 0.0007 | kl 25.959388 | act 0.7908 | lr 9.62e-06
step   4650 | loss 0.6484 | mse 0.0007 | kl 24.795150 | act 0.5794 | lr 9.73e-06
step   4700 | loss 0.8028 | mse 0.0007 | kl 30.159127 | act 0.7176 | lr 9.83e-06
step   4750 | loss 0.8637 | mse 0.0007 | kl 31.577736 | act 0.7750 | lr 9.90e-06
step   4800 | loss 0.6748 | mse 0.0007 | kl 25.253043 | act 0.6045 | lr 9.96e-06
step   4850 | loss 0.7787 | mse 0.0007 | kl 26.543441 | act 0.7051 | lr 9.99e-06
step   4900 | loss 0.5379 | mse 0.0007 | kl 21.762713 | act 0.4788 | lr 1.00e-05
step   4950 | loss 0.7565 | mse 0.0006 | kl 28.442222 | act 0.6785 | lr 9.99e-06
step   5000 | loss 0.7833 | mse 0.0007 | kl 30.293653 | act 0.7000 | lr 9.96e-06
[val] step   5000 | loss 0.0590 | mse 0.0008 | psnr 30.97 dB
[save] checkpoint -> /home/xuan/embodied-ai/checkpoints/lam-dis/ft_l40_full_5k_s1/step_0005000
Training complete.
[rank0]:[W715 04:17:38.273548640 ProcessGroupNCCL.cpp:1553] Warning: WARNING: destroy_process_group() was not called before program exit, which can leak resources. For more info, please see https://pytorch.org/docs/stable/distributed.html#shutdown (function operator())
[run] kl-full-s2 -> /home/xuan/embodied-ai/lam_disentangle/code/config/ft_l40_full_5k_s2.yaml
The following values were not passed to `accelerate launch` and had defaults used instead:
		More than one GPU was found, enabling multi-GPU training.
		If this was unintended please pass in `--num_processes=1`.
	`--num_machines` was set to a value of `1`
	`--dynamo_backend` was set to a value of `'no'`
To avoid this warning pass in values for each of the problematic parameters or run `accelerate config`.
latent_dim=40 action_part=32 env_dim=8 | action_head=True (lambda_action=1.0) | indep=False (lambda_indep=0.0) | split_kl=True (beta_a=0.003, beta_e=1e-06) | contrastive=False (supcon=0.0, temporal=0.0, tau=0.1) | causal(zero=0.0, reverse=0.0, hardneg=0.0, opposite=0.0)
Model params: 709.8M
[init_from] LAM_400k.ckpt: loaded 836/843 tensors
[init_from] shape-mismatch skipped (3): fc.weight(64, 1024)->(80, 1024), fc.bias(64,)->(80,), action_up.weight(1024, 32)->(1024, 40)
[init_from] left random-init (7): action_predictor.0.bias, action_predictor.0.weight, action_predictor.2.bias, action_predictor.2.weight, action_up.weight, fc.bias, fc.weight
Train pairs: 739,559  Val pairs: 80,509
Starting training from step 0 -> 5000
step     50 | loss 1.0836 | mse 0.0056 | kl 4.049119 | act 1.0691 | lr 5.00e-06
step    100 | loss 1.5346 | mse 0.0017 | kl 4.605049 | act 1.5221 | lr 1.00e-05
step    150 | loss 0.9540 | mse 0.0011 | kl 7.943932 | act 0.9321 | lr 9.99e-06
step    200 | loss 1.1774 | mse 0.0010 | kl 11.209484 | act 1.1457 | lr 9.96e-06
step    250 | loss 0.8991 | mse 0.0010 | kl 12.155868 | act 0.8644 | lr 9.90e-06
step    300 | loss 0.7757 | mse 0.0009 | kl 13.081655 | act 0.7382 | lr 9.83e-06
step    350 | loss 0.9379 | mse 0.0009 | kl 14.825103 | act 0.8953 | lr 9.73e-06
step    400 | loss 0.9460 | mse 0.0009 | kl 15.542339 | act 0.9012 | lr 9.62e-06
step    450 | loss 0.8468 | mse 0.0009 | kl 16.874031 | act 0.7982 | lr 9.48e-06
step    500 | loss 0.9345 | mse 0.0009 | kl 17.481336 | act 0.8841 | lr 9.33e-06
[val] step    500 | loss 0.0521 | mse 0.0011 | psnr 29.76 dB
step    550 | loss 0.8816 | mse 0.0009 | kl 17.897644 | act 0.8298 | lr 9.16e-06
step    600 | loss 0.8387 | mse 0.0008 | kl 17.288340 | act 0.7888 | lr 8.97e-06
step    650 | loss 0.8984 | mse 0.0008 | kl 17.298840 | act 0.8484 | lr 8.76e-06
step    700 | loss 0.9780 | mse 0.0009 | kl 20.090221 | act 0.9198 | lr 8.54e-06
step    750 | loss 0.8450 | mse 0.0009 | kl 19.989341 | act 0.7872 | lr 8.30e-06
step    800 | loss 0.8718 | mse 0.0009 | kl 21.907175 | act 0.8081 | lr 8.04e-06
step    850 | loss 1.0393 | mse 0.0008 | kl 23.370632 | act 0.9715 | lr 7.78e-06
step    900 | loss 0.8524 | mse 0.0009 | kl 23.075868 | act 0.7852 | lr 7.50e-06
step    950 | loss 0.9217 | mse 0.0008 | kl 17.719231 | act 0.8704 | lr 7.21e-06
step   1000 | loss 0.9024 | mse 0.0008 | kl 21.627651 | act 0.8394 | lr 6.91e-06
[val] step   1000 | loss 0.0661 | mse 0.0010 | psnr 29.90 dB
[save] checkpoint -> /home/xuan/embodied-ai/checkpoints/lam-dis/ft_l40_full_5k_s2/step_0001000
step   1050 | loss 0.8115 | mse 0.0008 | kl 21.994892 | act 0.7477 | lr 6.61e-06
step   1100 | loss 0.9399 | mse 0.0008 | kl 21.699188 | act 0.8770 | lr 6.29e-06
step   1150 | loss 0.7695 | mse 0.0008 | kl 21.538423 | act 0.7071 | lr 5.98e-06
step   1200 | loss 0.9149 | mse 0.0008 | kl 22.821498 | act 0.8486 | lr 5.65e-06
step   1250 | loss 0.8192 | mse 0.0008 | kl 24.608081 | act 0.7475 | lr 5.33e-06
step   1300 | loss 0.8107 | mse 0.0008 | kl 24.412300 | act 0.7398 | lr 5.00e-06
step   1350 | loss 1.6024 | mse 0.0008 | kl 25.070838 | act 1.5296 | lr 4.67e-06
step   1400 | loss 0.9062 | mse 0.0008 | kl 26.961618 | act 0.8280 | lr 4.35e-06
step   1450 | loss 0.6262 | mse 0.0008 | kl 22.707907 | act 0.5602 | lr 4.02e-06
step   1500 | loss 0.7674 | mse 0.0008 | kl 21.962125 | act 0.7036 | lr 3.71e-06
[val] step   1500 | loss 0.0795 | mse 0.0010 | psnr 30.12 dB
step   1550 | loss 0.8559 | mse 0.0008 | kl 26.369435 | act 0.7793 | lr 3.39e-06
step   1600 | loss 0.9165 | mse 0.0007 | kl 23.070967 | act 0.8494 | lr 3.09e-06
step   1650 | loss 0.9918 | mse 0.0007 | kl 23.678458 | act 0.9229 | lr 2.79e-06
step   1700 | loss 0.9134 | mse 0.0008 | kl 24.386625 | act 0.8424 | lr 2.50e-06
step   1750 | loss 1.1519 | mse 0.0007 | kl 27.128770 | act 1.0731 | lr 2.22e-06
step   1800 | loss 0.8288 | mse 0.0007 | kl 25.888232 | act 0.7534 | lr 1.96e-06
step   1850 | loss 0.8028 | mse 0.0007 | kl 22.302359 | act 0.7379 | lr 1.70e-06
step   1900 | loss 0.9912 | mse 0.0007 | kl 24.938634 | act 0.9187 | lr 1.46e-06
step   1950 | loss 1.2560 | mse 0.0008 | kl 26.121429 | act 1.1800 | lr 1.24e-06
step   2000 | loss 0.7804 | mse 0.0008 | kl 24.660148 | act 0.7086 | lr 1.03e-06
[val] step   2000 | loss 0.0765 | mse 0.0010 | psnr 30.18 dB
[save] checkpoint -> /home/xuan/embodied-ai/checkpoints/lam-dis/ft_l40_full_5k_s2/step_0002000
step   2050 | loss 0.7875 | mse 0.0007 | kl 22.730843 | act 0.7213 | lr 8.43e-07
step   2100 | loss 0.9457 | mse 0.0007 | kl 25.870287 | act 0.8705 | lr 6.70e-07
step   2150 | loss 0.9966 | mse 0.0007 | kl 27.793646 | act 0.9157 | lr 5.16e-07
step   2200 | loss 0.9703 | mse 0.0008 | kl 27.775217 | act 0.8894 | lr 3.81e-07
step   2250 | loss 0.8516 | mse 0.0007 | kl 25.477861 | act 0.7774 | lr 2.65e-07
step   2300 | loss 0.8262 | mse 0.0007 | kl 22.874827 | act 0.7596 | lr 1.70e-07
step   2350 | loss 0.8659 | mse 0.0007 | kl 21.998169 | act 0.8019 | lr 9.61e-08
step   2400 | loss 0.8845 | mse 0.0007 | kl 23.977220 | act 0.8145 | lr 4.28e-08
step   2450 | loss 0.7153 | mse 0.0007 | kl 23.785286 | act 0.6460 | lr 1.07e-08
step   2500 | loss 0.8505 | mse 0.0008 | kl 23.415273 | act 0.7825 | lr 0.00e+00
[val] step   2500 | loss 0.0785 | mse 0.0010 | psnr 30.20 dB
step   2550 | loss 0.9269 | mse 0.0008 | kl 28.915113 | act 0.8428 | lr 1.07e-08
step   2600 | loss 1.0500 | mse 0.0008 | kl 28.339501 | act 0.9676 | lr 4.28e-08
step   2650 | loss 1.0021 | mse 0.0008 | kl 27.112063 | act 0.9232 | lr 9.61e-08
step   2700 | loss 0.7930 | mse 0.0007 | kl 27.841939 | act 0.7120 | lr 1.70e-07
step   2750 | loss 1.0298 | mse 0.0007 | kl 24.061531 | act 0.9597 | lr 2.65e-07
step   2800 | loss 0.9461 | mse 0.0008 | kl 25.657479 | act 0.8715 | lr 3.81e-07
step   2850 | loss 0.8358 | mse 0.0007 | kl 23.497158 | act 0.7674 | lr 5.16e-07
step   2900 | loss 1.2669 | mse 0.0007 | kl 29.564650 | act 1.1808 | lr 6.70e-07
step   2950 | loss 0.9990 | mse 0.0007 | kl 25.407033 | act 0.9251 | lr 8.43e-07
step   3000 | loss 0.7684 | mse 0.0008 | kl 22.675838 | act 0.7024 | lr 1.03e-06
[val] step   3000 | loss 0.0813 | mse 0.0009 | psnr 30.23 dB
[save] checkpoint -> /home/xuan/embodied-ai/checkpoints/lam-dis/ft_l40_full_5k_s2/step_0003000
step   3050 | loss 1.4228 | mse 0.0008 | kl 25.043522 | act 1.3498 | lr 1.24e-06
step   3100 | loss 0.8304 | mse 0.0007 | kl 25.306438 | act 0.7567 | lr 1.46e-06
step   3150 | loss 0.8689 | mse 0.0007 | kl 25.450302 | act 0.7949 | lr 1.70e-06
step   3200 | loss 0.8206 | mse 0.0007 | kl 24.323626 | act 0.7499 | lr 1.96e-06
step   3250 | loss 0.7961 | mse 0.0007 | kl 25.186305 | act 0.7228 | lr 2.22e-06
step   3300 | loss 0.7291 | mse 0.0008 | kl 26.832705 | act 0.6511 | lr 2.50e-06
step   3350 | loss 0.9704 | mse 0.0008 | kl 27.078089 | act 0.8916 | lr 2.79e-06
step   3400 | loss 1.2008 | mse 0.0007 | kl 30.091817 | act 1.1132 | lr 3.09e-06
step   3450 | loss 0.7170 | mse 0.0007 | kl 24.167885 | act 0.6465 | lr 3.39e-06
step   3500 | loss 0.8441 | mse 0.0008 | kl 29.118162 | act 0.7593 | lr 3.71e-06
[val] step   3500 | loss 0.0808 | mse 0.0010 | psnr 30.22 dB
step   3550 | loss 0.6906 | mse 0.0008 | kl 27.352012 | act 0.6111 | lr 4.02e-06
step   3600 | loss 0.7537 | mse 0.0007 | kl 24.277754 | act 0.6831 | lr 4.35e-06
step   3650 | loss 0.8405 | mse 0.0008 | kl 25.452161 | act 0.7664 | lr 4.67e-06
step   3700 | loss 0.7813 | mse 0.0008 | kl 26.177804 | act 0.7053 | lr 5.00e-06
step   3750 | loss 1.1290 | mse 0.0007 | kl 26.969513 | act 1.0505 | lr 5.33e-06
step   3800 | loss 0.7905 | mse 0.0008 | kl 24.039632 | act 0.7207 | lr 5.65e-06
step   3850 | loss 0.9228 | mse 0.0008 | kl 27.126363 | act 0.8440 | lr 5.98e-06
step   3900 | loss 0.9065 | mse 0.0008 | kl 24.543071 | act 0.8353 | lr 6.29e-06
step   3950 | loss 0.7866 | mse 0.0009 | kl 27.509673 | act 0.7066 | lr 6.61e-06
step   4000 | loss 1.1575 | mse 0.0009 | kl 29.415854 | act 1.0718 | lr 6.91e-06
[val] step   4000 | loss 0.0534 | mse 0.0010 | psnr 30.13 dB
[save] checkpoint -> /home/xuan/embodied-ai/checkpoints/lam-dis/ft_l40_full_5k_s2/step_0004000
step   4050 | loss 0.8323 | mse 0.0007 | kl 27.995055 | act 0.7511 | lr 7.21e-06
step   4100 | loss 0.8235 | mse 0.0008 | kl 29.303226 | act 0.7387 | lr 7.50e-06
step   4150 | loss 0.9408 | mse 0.0007 | kl 27.778934 | act 0.8604 | lr 7.78e-06
step   4200 | loss 0.6864 | mse 0.0007 | kl 24.821505 | act 0.6143 | lr 8.04e-06
step   4250 | loss 0.7969 | mse 0.0008 | kl 29.714961 | act 0.7108 | lr 8.30e-06
step   4300 | loss 0.8037 | mse 0.0007 | kl 27.842696 | act 0.7229 | lr 8.54e-06
step   4350 | loss 0.6924 | mse 0.0007 | kl 26.473991 | act 0.6156 | lr 8.76e-06
step   4400 | loss 0.7782 | mse 0.0008 | kl 26.484314 | act 0.7020 | lr 8.97e-06
step   4450 | loss 0.9298 | mse 0.0008 | kl 27.898806 | act 0.8491 | lr 9.16e-06
step   4500 | loss 0.8001 | mse 0.0007 | kl 26.909039 | act 0.7223 | lr 9.33e-06
[val] step   4500 | loss 0.0811 | mse 0.0009 | psnr 30.69 dB
step   4550 | loss 0.8079 | mse 0.0008 | kl 24.331219 | act 0.7380 | lr 9.48e-06
step   4600 | loss 0.7609 | mse 0.0007 | kl 26.445575 | act 0.6848 | lr 9.62e-06
step   4650 | loss 1.1175 | mse 0.0008 | kl 31.166204 | act 1.0279 | lr 9.73e-06
step   4700 | loss 0.7065 | mse 0.0007 | kl 25.053318 | act 0.6350 | lr 9.83e-06
step   4750 | loss 0.8461 | mse 0.0007 | kl 23.130373 | act 0.7803 | lr 9.90e-06
step   4800 | loss 0.8391 | mse 0.0007 | kl 29.718555 | act 0.7540 | lr 9.96e-06
step   4850 | loss 0.8129 | mse 0.0007 | kl 25.255830 | act 0.7412 | lr 9.99e-06
step   4900 | loss 0.7698 | mse 0.0007 | kl 31.875146 | act 0.6789 | lr 1.00e-05
step   4950 | loss 0.8709 | mse 0.0007 | kl 28.937035 | act 0.7886 | lr 9.99e-06
step   5000 | loss 0.7744 | mse 0.0007 | kl 29.499721 | act 0.6905 | lr 9.96e-06
[val] step   5000 | loss 0.0551 | mse 0.0009 | psnr 30.65 dB
[save] checkpoint -> /home/xuan/embodied-ai/checkpoints/lam-dis/ft_l40_full_5k_s2/step_0005000
Training complete.
[rank0]:[W715 05:27:24.062147443 ProcessGroupNCCL.cpp:1553] Warning: WARNING: destroy_process_group() was not called before program exit, which can leak resources. For more info, please see https://pytorch.org/docs/stable/distributed.html#shutdown (function operator())
[run] ours-a-s2 -> /home/xuan/embodied-ai/lam_disentangle/code/config/ft_l40_ours_a_zero_5k_s2.yaml
The following values were not passed to `accelerate launch` and had defaults used instead:
		More than one GPU was found, enabling multi-GPU training.
		If this was unintended please pass in `--num_processes=1`.
	`--num_machines` was set to a value of `1`
	`--dynamo_backend` was set to a value of `'no'`
To avoid this warning pass in values for each of the problematic parameters or run `accelerate config`.
latent_dim=40 action_part=32 env_dim=8 | action_head=True (lambda_action=1.0) | indep=False (lambda_indep=0.0) | split_kl=True (beta_a=0.003, beta_e=1e-06) | contrastive=False (supcon=0.0, temporal=0.0, tau=0.1) | causal(zero=0.1, reverse=0.0, hardneg=0.0, opposite=0.0)
Model params: 709.8M
[init_from] LAM_400k.ckpt: loaded 836/843 tensors
[init_from] shape-mismatch skipped (3): fc.weight(64, 1024)->(80, 1024), fc.bias(64,)->(80,), action_up.weight(1024, 32)->(1024, 40)
[init_from] left random-init (7): action_predictor.0.bias, action_predictor.0.weight, action_predictor.2.bias, action_predictor.2.weight, action_up.weight, fc.bias, fc.weight
Train pairs: 739,559  Val pairs: 80,509
Starting training from step 0 -> 5000
step     50 | loss 0.7492 | mse 0.0059 | kl 3.048878 | act 0.7127 | zero 0.2325 | lr 5.00e-06
step    100 | loss 1.1094 | mse 0.0015 | kl 2.684721 | act 1.1003 | zero 0.0099 | lr 1.00e-05
step    150 | loss 0.6436 | mse 0.0009 | kl 5.427289 | act 0.6259 | zero 0.0241 | lr 9.99e-06
step    200 | loss 1.1271 | mse 0.0010 | kl 10.911455 | act 1.0936 | zero 0.0231 | lr 9.96e-06
step    250 | loss 0.9510 | mse 0.0011 | kl 11.709883 | act 0.9154 | zero 0.0166 | lr 9.90e-06
step    300 | loss 0.8059 | mse 0.0010 | kl 12.528910 | act 0.7684 | zero 0.0148 | lr 9.83e-06
step    350 | loss 1.0344 | mse 0.0009 | kl 17.623269 | act 0.9819 | zero 0.0143 | lr 9.73e-06
step    400 | loss 1.3822 | mse 0.0008 | kl 15.328077 | act 1.3348 | zero 0.0304 | lr 9.62e-06
step    450 | loss 1.1238 | mse 0.0009 | kl 18.137923 | act 1.0699 | zero 0.0133 | lr 9.48e-06
step    500 | loss 1.0010 | mse 0.0008 | kl 15.071744 | act 0.9565 | zero 0.0098 | lr 9.33e-06
[val] step    500 | loss 0.0554 | mse 0.0010 | psnr 30.00 dB
step    550 | loss 1.1667 | mse 0.0009 | kl 18.852730 | act 1.1097 | zero 0.0206 | lr 9.16e-06
step    600 | loss 1.0076 | mse 0.0010 | kl 16.602179 | act 0.9575 | zero 0.0155 | lr 8.97e-06
step    650 | loss 1.0346 | mse 0.0008 | kl 20.371728 | act 0.9740 | zero 0.0110 | lr 8.76e-06
step    700 | loss 0.6975 | mse 0.0009 | kl 15.080715 | act 0.6524 | zero 0.0100 | lr 8.54e-06
step    750 | loss 1.0652 | mse 0.0011 | kl 18.352993 | act 1.0112 | zero 0.0054 | lr 8.30e-06
step    800 | loss 1.2441 | mse 0.0009 | kl 23.302310 | act 1.1760 | zero 0.0039 | lr 8.04e-06
step    850 | loss 1.0392 | mse 0.0008 | kl 18.103429 | act 0.9858 | zero 0.0061 | lr 7.78e-06
step    900 | loss 1.3253 | mse 0.0008 | kl 24.675262 | act 1.2530 | zero 0.0067 | lr 7.50e-06
step    950 | loss 0.5838 | mse 0.0007 | kl 16.875792 | act 0.5337 | zero 0.0117 | lr 7.21e-06
step   1000 | loss 0.8760 | mse 0.0006 | kl 16.534738 | act 0.8275 | zero 0.0057 | lr 6.91e-06
[val] step   1000 | loss 0.0686 | mse 0.0010 | psnr 30.18 dB
[save] checkpoint -> /home/xuan/embodied-ai/checkpoints/lam-dis/ft_l40_ours_a_zero_5k_s2/step_0001000
step   1050 | loss 0.6499 | mse 0.0008 | kl 17.798049 | act 0.5976 | zero 0.0056 | lr 6.61e-06
step   1100 | loss 1.0583 | mse 0.0008 | kl 23.171932 | act 0.9907 | zero 0.0057 | lr 6.29e-06
step   1150 | loss 0.8669 | mse 0.0008 | kl 23.086518 | act 0.7992 | zero 0.0036 | lr 5.98e-06
step   1200 | loss 1.0611 | mse 0.0009 | kl 22.176893 | act 0.9957 | zero 0.0071 | lr 5.65e-06
step   1250 | loss 0.8245 | mse 0.0008 | kl 23.175732 | act 0.7567 | zero 0.0050 | lr 5.33e-06
step   1300 | loss 1.3411 | mse 0.0008 | kl 25.847095 | act 1.2652 | zero 0.0058 | lr 5.00e-06
step   1350 | loss 0.7344 | mse 0.0007 | kl 20.101128 | act 0.6755 | zero 0.0038 | lr 4.67e-06
step   1400 | loss 0.6375 | mse 0.0007 | kl 24.565251 | act 0.5661 | zero 0.0023 | lr 4.35e-06
step   1450 | loss 0.7091 | mse 0.0006 | kl 24.715281 | act 0.6369 | zero 0.0048 | lr 4.02e-06
step   1500 | loss 0.9925 | mse 0.0008 | kl 23.185870 | act 0.9248 | zero 0.0044 | lr 3.71e-06
[val] step   1500 | loss 0.0720 | mse 0.0009 | psnr 30.31 dB
step   1550 | loss 0.7349 | mse 0.0007 | kl 22.232434 | act 0.6704 | zero 0.0014 | lr 3.39e-06
step   1600 | loss 0.8734 | mse 0.0007 | kl 21.717991 | act 0.8098 | zero 0.0045 | lr 3.09e-06
step   1650 | loss 0.6532 | mse 0.0006 | kl 15.074109 | act 0.6092 | zero 0.0019 | lr 2.79e-06
step   1700 | loss 0.7069 | mse 0.0007 | kl 20.698730 | act 0.6464 | zero 0.0020 | lr 2.50e-06
step   1750 | loss 0.7088 | mse 0.0007 | kl 25.122037 | act 0.6355 | zero 0.0011 | lr 2.22e-06
step   1800 | loss 0.5642 | mse 0.0007 | kl 24.397804 | act 0.4932 | zero 0.0011 | lr 1.96e-06
step   1850 | loss 0.9187 | mse 0.0007 | kl 22.001356 | act 0.8543 | zero 0.0012 | lr 1.70e-06
step   1900 | loss 0.9445 | mse 0.0007 | kl 31.133743 | act 0.8539 | zero 0.0007 | lr 1.46e-06
step   1950 | loss 0.7099 | mse 0.0007 | kl 23.259671 | act 0.6419 | zero 0.0007 | lr 1.24e-06
step   2000 | loss 0.6398 | mse 0.0007 | kl 23.519447 | act 0.5715 | zero 0.0006 | lr 1.03e-06
[val] step   2000 | loss 0.0693 | mse 0.0009 | psnr 30.37 dB
[save] checkpoint -> /home/xuan/embodied-ai/checkpoints/lam-dis/ft_l40_ours_a_zero_5k_s2/step_0002000
step   2050 | loss 0.8381 | mse 0.0007 | kl 28.404034 | act 0.7553 | zero 0.0004 | lr 8.43e-07
step   2100 | loss 1.7394 | mse 0.0007 | kl 27.138558 | act 1.6604 | zero 0.0003 | lr 6.70e-07
step   2150 | loss 0.8589 | mse 0.0007 | kl 31.909708 | act 0.7659 | zero 0.0004 | lr 5.16e-07
step   2200 | loss 0.7667 | mse 0.0007 | kl 24.094744 | act 0.6963 | zero 0.0003 | lr 3.81e-07
step   2250 | loss 0.6679 | mse 0.0006 | kl 22.697726 | act 0.6019 | zero 0.0003 | lr 2.65e-07
step   2300 | loss 0.7821 | mse 0.0008 | kl 28.053562 | act 0.7005 | zero 0.0003 | lr 1.70e-07
step   2350 | loss 0.7820 | mse 0.0009 | kl 28.795115 | act 0.6980 | zero 0.0005 | lr 9.61e-08
step   2400 | loss 1.1055 | mse 0.0007 | kl 21.047411 | act 1.0442 | zero 0.0002 | lr 4.28e-08
step   2450 | loss 0.8479 | mse 0.0007 | kl 28.622397 | act 0.7648 | zero 0.0002 | lr 1.07e-08
step   2500 | loss 0.7110 | mse 0.0006 | kl 22.637899 | act 0.6452 | zero 0.0001 | lr 0.00e+00
[val] step   2500 | loss 0.0700 | mse 0.0009 | psnr 30.43 dB
step   2550 | loss 0.9568 | mse 0.0007 | kl 29.357006 | act 0.8716 | zero 0.0002 | lr 1.07e-08
step   2600 | loss 0.7265 | mse 0.0008 | kl 25.172001 | act 0.6530 | zero 0.0002 | lr 4.28e-08
step   2650 | loss 0.6183 | mse 0.0007 | kl 25.981681 | act 0.5427 | zero 0.0002 | lr 9.61e-08
step   2700 | loss 0.8922 | mse 0.0008 | kl 26.453464 | act 0.8154 | zero 0.0003 | lr 1.70e-07
step   2750 | loss 0.8763 | mse 0.0007 | kl 21.515559 | act 0.8137 | zero 0.0002 | lr 2.65e-07
step   2800 | loss 1.1635 | mse 0.0007 | kl 23.434665 | act 1.0952 | zero 0.0002 | lr 3.81e-07
step   2850 | loss 0.8638 | mse 0.0007 | kl 28.265540 | act 0.7820 | zero 0.0001 | lr 5.16e-07
step   2900 | loss 0.8238 | mse 0.0008 | kl 24.682236 | act 0.7520 | zero 0.0002 | lr 6.70e-07
step   2950 | loss 1.1188 | mse 0.0006 | kl 21.380066 | act 1.0563 | zero 0.0006 | lr 8.43e-07
step   3000 | loss 0.8418 | mse 0.0006 | kl 23.393477 | act 0.7734 | zero 0.0004 | lr 1.03e-06
[val] step   3000 | loss 0.0710 | mse 0.0009 | psnr 30.45 dB
[save] checkpoint -> /home/xuan/embodied-ai/checkpoints/lam-dis/ft_l40_ours_a_zero_5k_s2/step_0003000
step   3050 | loss 1.1688 | mse 0.0008 | kl 31.675302 | act 1.0763 | zero 0.0011 | lr 1.24e-06
step   3100 | loss 0.8842 | mse 0.0008 | kl 27.436323 | act 0.8041 | zero 0.0011 | lr 1.46e-06
step   3150 | loss 0.9929 | mse 0.0006 | kl 19.889669 | act 0.9351 | zero 0.0010 | lr 1.70e-06
step   3200 | loss 0.8920 | mse 0.0007 | kl 29.811239 | act 0.8046 | zero 0.0006 | lr 1.96e-06
step   3250 | loss 0.6482 | mse 0.0007 | kl 25.386245 | act 0.5742 | zero 0.0010 | lr 2.22e-06
step   3300 | loss 0.8011 | mse 0.0007 | kl 20.381132 | act 0.7415 | zero 0.0015 | lr 2.50e-06
step   3350 | loss 0.7505 | mse 0.0008 | kl 26.119258 | act 0.6741 | zero 0.0018 | lr 2.79e-06
step   3400 | loss 0.7176 | mse 0.0007 | kl 24.969501 | act 0.6445 | zero 0.0016 | lr 3.09e-06
step   3450 | loss 0.5099 | mse 0.0007 | kl 18.193961 | act 0.4566 | zero 0.0029 | lr 3.39e-06
step   3500 | loss 1.0605 | mse 0.0008 | kl 26.472347 | act 0.9832 | zero 0.0008 | lr 3.71e-06
[val] step   3500 | loss 0.0739 | mse 0.0009 | psnr 30.45 dB
step   3550 | loss 0.8612 | mse 0.0008 | kl 30.987756 | act 0.7705 | zero 0.0015 | lr 4.02e-06
step   3600 | loss 0.6768 | mse 0.0008 | kl 29.144612 | act 0.5914 | zero 0.0013 | lr 4.35e-06
step   3650 | loss 1.1789 | mse 0.0010 | kl 30.995622 | act 1.0883 | zero 0.0026 | lr 4.67e-06
step   3700 | loss 0.7921 | mse 0.0007 | kl 28.671947 | act 0.7076 | zero 0.0051 | lr 5.00e-06
step   3750 | loss 0.9326 | mse 0.0008 | kl 26.802815 | act 0.8541 | zero 0.0034 | lr 5.33e-06
step   3800 | loss 0.7414 | mse 0.0009 | kl 26.947797 | act 0.6624 | zero 0.0035 | lr 5.65e-06
step   3850 | loss 0.9139 | mse 0.0008 | kl 24.369206 | act 0.8420 | zero 0.0074 | lr 5.98e-06
step   3900 | loss 0.8762 | mse 0.0007 | kl 30.280999 | act 0.7877 | zero 0.0050 | lr 6.29e-06
step   3950 | loss 0.7325 | mse 0.0008 | kl 29.111132 | act 0.6472 | zero 0.0064 | lr 6.61e-06
step   4000 | loss 0.7558 | mse 0.0008 | kl 31.185092 | act 0.6645 | zero 0.0065 | lr 6.91e-06
[val] step   4000 | loss 0.0536 | mse 0.0009 | psnr 30.46 dB
[save] checkpoint -> /home/xuan/embodied-ai/checkpoints/lam-dis/ft_l40_ours_a_zero_5k_s2/step_0004000
step   4050 | loss 0.6524 | mse 0.0008 | kl 31.059694 | act 0.5615 | zero 0.0044 | lr 7.21e-06
step   4100 | loss 0.5986 | mse 0.0008 | kl 34.000287 | act 0.4993 | zero 0.0041 | lr 7.50e-06
step   4150 | loss 0.7864 | mse 0.0007 | kl 30.295846 | act 0.6970 | zero 0.0087 | lr 7.78e-06
step   4200 | loss 0.7937 | mse 0.0009 | kl 29.352328 | act 0.7072 | zero 0.0074 | lr 8.04e-06
step   4250 | loss 0.7741 | mse 0.0008 | kl 26.016638 | act 0.6972 | zero 0.0089 | lr 8.30e-06
step   4300 | loss 0.5265 | mse 0.0008 | kl 20.448803 | act 0.4656 | zero 0.0080 | lr 8.54e-06
step   4350 | loss 1.0258 | mse 0.0007 | kl 41.134285 | act 0.9043 | zero 0.0091 | lr 8.76e-06
step   4400 | loss 0.8122 | mse 0.0007 | kl 27.667016 | act 0.7310 | zero 0.0047 | lr 8.97e-06
step   4450 | loss 0.8767 | mse 0.0008 | kl 26.781689 | act 0.7975 | zero 0.0087 | lr 9.16e-06
step   4500 | loss 0.7722 | mse 0.0007 | kl 19.295413 | act 0.7148 | zero 0.0089 | lr 9.33e-06
[val] step   4500 | loss 0.0814 | mse 0.0009 | psnr 30.44 dB
step   4550 | loss 0.6731 | mse 0.0007 | kl 24.248414 | act 0.6014 | zero 0.0090 | lr 9.48e-06
step   4600 | loss 0.6144 | mse 0.0007 | kl 27.295740 | act 0.5338 | zero 0.0082 | lr 9.62e-06
step   4650 | loss 0.5543 | mse 0.0007 | kl 24.825741 | act 0.4813 | zero 0.0077 | lr 9.73e-06
step   4700 | loss 0.6975 | mse 0.0007 | kl 20.053037 | act 0.6377 | zero 0.0136 | lr 9.83e-06
step   4750 | loss 0.6758 | mse 0.0007 | kl 21.524019 | act 0.6118 | zero 0.0110 | lr 9.90e-06
step   4800 | loss 0.6573 | mse 0.0008 | kl 30.192730 | act 0.5682 | zero 0.0080 | lr 9.96e-06
step   4850 | loss 0.9504 | mse 0.0007 | kl 28.773278 | act 0.8657 | zero 0.0065 | lr 9.99e-06
step   4900 | loss 0.7231 | mse 0.0007 | kl 27.401027 | act 0.6422 | zero 0.0116 | lr 1.00e-05
step   4950 | loss 0.7041 | mse 0.0008 | kl 24.179826 | act 0.6327 | zero 0.0094 | lr 9.99e-06
step   5000 | loss 0.7109 | mse 0.0007 | kl 29.462266 | act 0.6238 | zero 0.0091 | lr 9.96e-06
[val] step   5000 | loss 0.0641 | mse 0.0009 | psnr 30.66 dB
[save] checkpoint -> /home/xuan/embodied-ai/checkpoints/lam-dis/ft_l40_ours_a_zero_5k_s2/step_0005000
Training complete.
[rank0]:[W715 08:46:34.730914693 ProcessGroupNCCL.cpp:1553] Warning: WARNING: destroy_process_group() was not called before program exit, which can leak resources. For more info, please see https://pytorch.org/docs/stable/distributed.html#shutdown (function operator())
