[device] cuda:0
[kl_ft_l40_full_5k_s1] source=/home/xuan/embodied-ai/checkpoints/lam-dis/ft_l40_full_5k_s1/step_0005000
[kl_ft_l40_full_5k_s1] val_size=80,509 latent_dim=40 action_part=32
[progress] 1 run(s) -> results/lam_benchmark_seeds/summary.md
[kl_ft_l40_full_5k_s2] source=/home/xuan/embodied-ai/checkpoints/lam-dis/ft_l40_full_5k_s2/step_0005000
[kl_ft_l40_full_5k_s2] val_size=80,509 latent_dim=40 action_part=32
[progress] 2 run(s) -> results/lam_benchmark_seeds/summary.md
[ours_a_zero_5k_s1] source=/home/xuan/embodied-ai/checkpoints/lam-dis/ft_l40_ours_a_zero_5k_s1/step_0005000
[ours_a_zero_5k_s1] val_size=80,509 latent_dim=40 action_part=32
[progress] 3 run(s) -> results/lam_benchmark_seeds/summary.md
[ours_a_zero_5k_s2] source=/home/xuan/embodied-ai/checkpoints/lam-dis/ft_l40_ours_a_zero_5k_s2/step_0005000
[ours_a_zero_5k_s2] val_size=80,509 latent_dim=40 action_part=32
[progress] 4 run(s) -> results/lam_benchmark_seeds/summary.md
[ours_r2_opp_l01_5k_s1] source=/home/xuan/embodied-ai/checkpoints/lam-dis/ft_l40_ours_r2_opp_l01_5k_s1/step_0005000
[ours_r2_opp_l01_5k_s1] val_size=80,509 latent_dim=40 action_part=32
[progress] 5 run(s) -> results/lam_benchmark_seeds/summary.md
[ours_r2_opp_l01_5k_s2] source=/home/xuan/embodied-ai/checkpoints/lam-dis/ft_l40_ours_r2_opp_l01_5k_s2/step_0005000
[ours_r2_opp_l01_5k_s2] val_size=80,509 latent_dim=40 action_part=32
[progress] 6 run(s) -> results/lam_benchmark_seeds/summary.md
[done] wrote results/lam_benchmark_seeds/summary.md and per-dim CSVs
